{"run": -1, "case": "code", "passed": true, "decode_tps": 208.7834030882833}
{"run": -1, "case": "math", "passed": false, "decode_tps": 170.7178014694751}
{"run": -1, "case": "fable", "passed": true, "decode_tps": 111.2968787852387}
{"run": -1, "case": "hello", "passed": true, "decode_tps": 176.30171884253448}
{"run": -1, "case": "topic", "passed": true, "decode_tps": 172.69523900725304}
{"run": -1, "case": "structured-json", "passed": true, "decode_tps": 181.57421954685543}
{"run": -1, "case": "multilingual", "passed": false, "decode_tps": 133.69561674876564}
{"run": 0, "case": "code", "passed": true, "decode_tps": 204.6789570736618}
{"run": 0, "case": "math", "passed": true, "decode_tps": 208.88956450196835}
{"run": 0, "case": "fable", "passed": true, "decode_tps": 113.9788135045771}
{"run": 0, "case": "hello", "passed": true, "decode_tps": 178.28798606298065}
{"run": 0, "case": "topic", "passed": true, "decode_tps": 149.5874600914843}
{"run": 0, "case": "structured-json", "passed": true, "decode_tps": 181.47219044804933}
{"run": 0, "case": "multilingual", "passed": true, "decode_tps": 124.33235375575234}
{"run": 1, "case": "code", "passed": true, "decode_tps": 208.42924469308102}
{"run": 1, "case": "math", "passed": true, "decode_tps": 191.95862356499828}
{"run": 1, "case": "fable", "passed": false, "decode_tps": 122.4784479402979}
{"run": 1, "case": "hello", "passed": true, "decode_tps": 174.7068031466372}
{"run": 1, "case": "topic", "passed": true, "decode_tps": 149.05865036601313}
{"run": 1, "case": "structured-json", "passed": true, "decode_tps": 190.89739692908844}
{"run": 1, "case": "multilingual", "passed": true, "decode_tps": 122.9650062073522}
{"run": 2, "case": "code", "passed": true, "decode_tps": 199.46121146424716}
{"run": 2, "case": "math", "passed": true, "decode_tps": 191.77963700459298}
{"run": 2, "case": "fable", "passed": true, "decode_tps": 114.65706240758966}
{"run": 2, "case": "hello", "passed": true, "decode_tps": 174.44410529688835}
{"run": 2, "case": "topic", "passed": true, "decode_tps": 163.1687429154546}
{"run": 2, "case": "structured-json", "passed": true, "decode_tps": 180.8523913358396}
{"run": 2, "case": "multilingual", "passed": true, "decode_tps": 129.5567644104498}
